------------------------------------------------------------
Timing Analyzer Summary
------------------------------------------------------------

Type  : Slow 1100mV 85C Model Setup 'KEY[3]'
Slack : -3.579
TNS   : -246.152

Type  : Slow 1100mV 85C Model Hold 'KEY[3]'
Slack : 0.457
TNS   : 0.000

Type  : Slow 1100mV 85C Model Minimum Pulse Width 'KEY[3]'
Slack : -0.545
TNS   : -116.023

Type  : Slow 1100mV 0C Model Setup 'KEY[3]'
Slack : -3.849
TNS   : -252.285

Type  : Slow 1100mV 0C Model Hold 'KEY[3]'
Slack : 0.485
TNS   : 0.000

Type  : Slow 1100mV 0C Model Minimum Pulse Width 'KEY[3]'
Slack : -0.538
TNS   : -107.660

Type  : Fast 1100mV 85C Model Setup 'KEY[3]'
Slack : -1.138
TNS   : -70.221

Type  : Fast 1100mV 85C Model Hold 'KEY[3]'
Slack : 0.180
TNS   : 0.000

Type  : Fast 1100mV 85C Model Minimum Pulse Width 'KEY[3]'
Slack : -0.592
TNS   : -90.430

Type  : Fast 1100mV 0C Model Setup 'KEY[3]'
Slack : -1.008
TNS   : -57.202

Type  : Fast 1100mV 0C Model Hold 'KEY[3]'
Slack : 0.171
TNS   : 0.000

Type  : Fast 1100mV 0C Model Minimum Pulse Width 'KEY[3]'
Slack : -0.616
TNS   : -96.814

------------------------------------------------------------
