------------------------------------------------------------
Timing Analyzer Summary
------------------------------------------------------------

Type  : Slow 1100mV 85C Model Setup 'CLOCK_50'
Slack : -10.415
TNS   : -4491.142

Type  : Slow 1100mV 85C Model Hold 'CLOCK_50'
Slack : 0.469
TNS   : 0.000

Type  : Slow 1100mV 85C Model Recovery 'KEY[1]'
Slack : -4.600
TNS   : -4.600

Type  : Slow 1100mV 85C Model Recovery 'FPGA_RESET_N'
Slack : -4.507
TNS   : -4.507

Type  : Slow 1100mV 85C Model Recovery 'KEY[0]'
Slack : -4.252
TNS   : -4.252

Type  : Slow 1100mV 85C Model Removal 'KEY[0]'
Slack : 1.298
TNS   : 0.000

Type  : Slow 1100mV 85C Model Removal 'FPGA_RESET_N'
Slack : 1.502
TNS   : 0.000

Type  : Slow 1100mV 85C Model Removal 'KEY[1]'
Slack : 1.713
TNS   : 0.000

Type  : Slow 1100mV 85C Model Minimum Pulse Width 'CLOCK_50'
Slack : -0.538
TNS   : -501.626

Type  : Slow 1100mV 85C Model Minimum Pulse Width 'KEY[1]'
Slack : -0.538
TNS   : -0.797

Type  : Slow 1100mV 85C Model Minimum Pulse Width 'KEY[0]'
Slack : -0.538
TNS   : -0.794

Type  : Slow 1100mV 85C Model Minimum Pulse Width 'FPGA_RESET_N'
Slack : -0.538
TNS   : -0.774

Type  : Slow 1100mV 0C Model Setup 'CLOCK_50'
Slack : -10.292
TNS   : -4411.140

Type  : Slow 1100mV 0C Model Hold 'CLOCK_50'
Slack : 0.366
TNS   : 0.000

Type  : Slow 1100mV 0C Model Recovery 'KEY[1]'
Slack : -4.885
TNS   : -4.885

Type  : Slow 1100mV 0C Model Recovery 'FPGA_RESET_N'
Slack : -4.754
TNS   : -4.754

Type  : Slow 1100mV 0C Model Recovery 'KEY[0]'
Slack : -4.536
TNS   : -4.536

Type  : Slow 1100mV 0C Model Removal 'KEY[0]'
Slack : 1.466
TNS   : 0.000

Type  : Slow 1100mV 0C Model Removal 'FPGA_RESET_N'
Slack : 1.718
TNS   : 0.000

Type  : Slow 1100mV 0C Model Removal 'KEY[1]'
Slack : 1.892
TNS   : 0.000

Type  : Slow 1100mV 0C Model Minimum Pulse Width 'CLOCK_50'
Slack : -0.538
TNS   : -507.545

Type  : Slow 1100mV 0C Model Minimum Pulse Width 'KEY[1]'
Slack : -0.538
TNS   : -0.811

Type  : Slow 1100mV 0C Model Minimum Pulse Width 'KEY[0]'
Slack : -0.538
TNS   : -0.781

Type  : Slow 1100mV 0C Model Minimum Pulse Width 'FPGA_RESET_N'
Slack : -0.538
TNS   : -0.776

Type  : Fast 1100mV 85C Model Setup 'CLOCK_50'
Slack : -5.013
TNS   : -2085.592

Type  : Fast 1100mV 85C Model Hold 'CLOCK_50'
Slack : 0.183
TNS   : 0.000

Type  : Fast 1100mV 85C Model Recovery 'KEY[1]'
Slack : -1.722
TNS   : -1.722

Type  : Fast 1100mV 85C Model Recovery 'FPGA_RESET_N'
Slack : -1.665
TNS   : -1.665

Type  : Fast 1100mV 85C Model Recovery 'KEY[0]'
Slack : -1.519
TNS   : -1.519

Type  : Fast 1100mV 85C Model Removal 'KEY[0]'
Slack : 0.236
TNS   : 0.000

Type  : Fast 1100mV 85C Model Removal 'FPGA_RESET_N'
Slack : 0.345
TNS   : 0.000

Type  : Fast 1100mV 85C Model Removal 'KEY[1]'
Slack : 0.504
TNS   : 0.000

Type  : Fast 1100mV 85C Model Minimum Pulse Width 'FPGA_RESET_N'
Slack : -0.163
TNS   : -0.185

Type  : Fast 1100mV 85C Model Minimum Pulse Width 'KEY[0]'
Slack : -0.140
TNS   : -0.162

Type  : Fast 1100mV 85C Model Minimum Pulse Width 'KEY[1]'
Slack : -0.106
TNS   : -0.106

Type  : Fast 1100mV 85C Model Minimum Pulse Width 'CLOCK_50'
Slack : -0.091
TNS   : -54.035

Type  : Fast 1100mV 0C Model Setup 'CLOCK_50'
Slack : -4.422
TNS   : -1807.124

Type  : Fast 1100mV 0C Model Hold 'CLOCK_50'
Slack : 0.175
TNS   : 0.000

Type  : Fast 1100mV 0C Model Recovery 'KEY[1]'
Slack : -1.581
TNS   : -1.581

Type  : Fast 1100mV 0C Model Recovery 'FPGA_RESET_N'
Slack : -1.475
TNS   : -1.475

Type  : Fast 1100mV 0C Model Recovery 'KEY[0]'
Slack : -1.384
TNS   : -1.384

Type  : Fast 1100mV 0C Model Removal 'KEY[0]'
Slack : 0.252
TNS   : 0.000

Type  : Fast 1100mV 0C Model Removal 'FPGA_RESET_N'
Slack : 0.347
TNS   : 0.000

Type  : Fast 1100mV 0C Model Removal 'KEY[1]'
Slack : 0.525
TNS   : 0.000

Type  : Fast 1100mV 0C Model Minimum Pulse Width 'FPGA_RESET_N'
Slack : -0.196
TNS   : -0.207

Type  : Fast 1100mV 0C Model Minimum Pulse Width 'KEY[0]'
Slack : -0.170
TNS   : -0.179

Type  : Fast 1100mV 0C Model Minimum Pulse Width 'KEY[1]'
Slack : -0.138
TNS   : -0.138

Type  : Fast 1100mV 0C Model Minimum Pulse Width 'CLOCK_50'
Slack : -0.090
TNS   : -53.909

------------------------------------------------------------
