------------------------------------------------------------
Timing Analyzer Summary
------------------------------------------------------------

Type  : Slow 1100mV 85C Model Setup 'KEY[3]'
Slack : -2.981
TNS   : -231.549

Type  : Slow 1100mV 85C Model Hold 'KEY[3]'
Slack : 0.443
TNS   : 0.000

Type  : Slow 1100mV 85C Model Minimum Pulse Width 'KEY[3]'
Slack : -0.538
TNS   : -111.600

Type  : Slow 1100mV 0C Model Setup 'KEY[3]'
Slack : -3.114
TNS   : -236.640

Type  : Slow 1100mV 0C Model Hold 'KEY[3]'
Slack : 0.412
TNS   : 0.000

Type  : Slow 1100mV 0C Model Minimum Pulse Width 'KEY[3]'
Slack : -0.538
TNS   : -104.835

Type  : Fast 1100mV 85C Model Setup 'KEY[3]'
Slack : -1.025
TNS   : -63.242

Type  : Fast 1100mV 85C Model Hold 'KEY[3]'
Slack : 0.184
TNS   : 0.000

Type  : Fast 1100mV 85C Model Minimum Pulse Width 'KEY[3]'
Slack : -0.582
TNS   : -88.251

Type  : Fast 1100mV 0C Model Setup 'KEY[3]'
Slack : -0.837
TNS   : -51.515

Type  : Fast 1100mV 0C Model Hold 'KEY[3]'
Slack : 0.177
TNS   : 0.000

Type  : Fast 1100mV 0C Model Minimum Pulse Width 'KEY[3]'
Slack : -0.607
TNS   : -94.810

------------------------------------------------------------
