------------------------------------------------------------
Timing Analyzer Summary
------------------------------------------------------------

Type  : Slow 1100mV 85C Model Setup 'CLOCK_50'
Slack : -11.099
TNS   : -20781.384

Type  : Slow 1100mV 85C Model Hold 'CLOCK_50'
Slack : 0.794
TNS   : 0.000

Type  : Slow 1100mV 85C Model Minimum Pulse Width 'CLOCK_50'
Slack : -0.538
TNS   : -1854.349

Type  : Slow 1100mV 0C Model Setup 'CLOCK_50'
Slack : -11.083
TNS   : -20638.221

Type  : Slow 1100mV 0C Model Hold 'CLOCK_50'
Slack : 0.771
TNS   : 0.000

Type  : Slow 1100mV 0C Model Minimum Pulse Width 'CLOCK_50'
Slack : -0.538
TNS   : -1869.022

Type  : Fast 1100mV 85C Model Setup 'CLOCK_50'
Slack : -5.363
TNS   : -9475.829

Type  : Fast 1100mV 85C Model Hold 'CLOCK_50'
Slack : 0.395
TNS   : 0.000

Type  : Fast 1100mV 85C Model Minimum Pulse Width 'CLOCK_50'
Slack : -0.096
TNS   : -209.488

Type  : Fast 1100mV 0C Model Setup 'CLOCK_50'
Slack : -4.793
TNS   : -8381.717

Type  : Fast 1100mV 0C Model Hold 'CLOCK_50'
Slack : 0.361
TNS   : 0.000

Type  : Fast 1100mV 0C Model Minimum Pulse Width 'CLOCK_50'
Slack : -0.095
TNS   : -213.740

------------------------------------------------------------
