------------------------------------------------------------
Timing Analyzer Summary
------------------------------------------------------------

Type  : Slow 1100mV 85C Model Setup 'KEY[0]'
Slack : -6.126
TNS   : -269.039

Type  : Slow 1100mV 85C Model Setup 'CLOCK_50'
Slack : -2.178
TNS   : -2.178

Type  : Slow 1100mV 85C Model Hold 'KEY[0]'
Slack : 0.448
TNS   : 0.000

Type  : Slow 1100mV 85C Model Hold 'CLOCK_50'
Slack : 0.594
TNS   : 0.000

Type  : Slow 1100mV 85C Model Minimum Pulse Width 'KEY[0]'
Slack : -0.538
TNS   : -56.510

Type  : Slow 1100mV 85C Model Minimum Pulse Width 'CLOCK_50'
Slack : -0.538
TNS   : -0.768

Type  : Slow 1100mV 0C Model Setup 'KEY[0]'
Slack : -6.314
TNS   : -264.523

Type  : Slow 1100mV 0C Model Setup 'CLOCK_50'
Slack : -2.188
TNS   : -2.188

Type  : Slow 1100mV 0C Model Hold 'KEY[0]'
Slack : 0.450
TNS   : 0.000

Type  : Slow 1100mV 0C Model Hold 'CLOCK_50'
Slack : 0.540
TNS   : 0.000

Type  : Slow 1100mV 0C Model Minimum Pulse Width 'KEY[0]'
Slack : -0.538
TNS   : -56.848

Type  : Slow 1100mV 0C Model Minimum Pulse Width 'CLOCK_50'
Slack : -0.538
TNS   : -0.770

Type  : Fast 1100mV 85C Model Setup 'KEY[0]'
Slack : -2.580
TNS   : -106.975

Type  : Fast 1100mV 85C Model Setup 'CLOCK_50'
Slack : -1.655
TNS   : -1.655

Type  : Fast 1100mV 85C Model Hold 'KEY[0]'
Slack : 0.180
TNS   : 0.000

Type  : Fast 1100mV 85C Model Hold 'CLOCK_50'
Slack : 0.239
TNS   : 0.000

Type  : Fast 1100mV 85C Model Minimum Pulse Width 'KEY[0]'
Slack : -0.475
TNS   : -29.873

Type  : Fast 1100mV 85C Model Minimum Pulse Width 'CLOCK_50'
Slack : -0.181
TNS   : -0.181

Type  : Fast 1100mV 0C Model Setup 'KEY[0]'
Slack : -2.350
TNS   : -93.384

Type  : Fast 1100mV 0C Model Setup 'CLOCK_50'
Slack : -1.522
TNS   : -1.522

Type  : Fast 1100mV 0C Model Hold 'KEY[0]'
Slack : 0.153
TNS   : 0.000

Type  : Fast 1100mV 0C Model Hold 'CLOCK_50'
Slack : 0.156
TNS   : 0.000

Type  : Fast 1100mV 0C Model Minimum Pulse Width 'KEY[0]'
Slack : -0.447
TNS   : -27.318

Type  : Fast 1100mV 0C Model Minimum Pulse Width 'CLOCK_50'
Slack : -0.199
TNS   : -0.199

------------------------------------------------------------
