------------------------------------------------------------
Timing Analyzer Summary
------------------------------------------------------------

Type  : Slow 1100mV 85C Model Setup 'CLOCK_50'
Slack : -11.170
TNS   : -5400.420

Type  : Slow 1100mV 85C Model Hold 'CLOCK_50'
Slack : 0.442
TNS   : 0.000

Type  : Slow 1100mV 85C Model Recovery 'FPGA_RESET_N'
Slack : -4.554
TNS   : -4.554

Type  : Slow 1100mV 85C Model Recovery 'KEY[1]'
Slack : -4.439
TNS   : -4.439

Type  : Slow 1100mV 85C Model Recovery 'SW[9]'
Slack : -4.241
TNS   : -4.241

Type  : Slow 1100mV 85C Model Removal 'KEY[1]'
Slack : 1.605
TNS   : 0.000

Type  : Slow 1100mV 85C Model Removal 'FPGA_RESET_N'
Slack : 1.655
TNS   : 0.000

Type  : Slow 1100mV 85C Model Removal 'SW[9]'
Slack : 1.667
TNS   : 0.000

Type  : Slow 1100mV 85C Model Minimum Pulse Width 'SW[9]'
Slack : -0.858
TNS   : -1.637

Type  : Slow 1100mV 85C Model Minimum Pulse Width 'CLOCK_50'
Slack : -0.538
TNS   : -670.614

Type  : Slow 1100mV 85C Model Minimum Pulse Width 'KEY[1]'
Slack : -0.538
TNS   : -0.854

Type  : Slow 1100mV 85C Model Minimum Pulse Width 'FPGA_RESET_N'
Slack : -0.538
TNS   : -0.842

Type  : Slow 1100mV 0C Model Setup 'CLOCK_50'
Slack : -11.074
TNS   : -5355.337

Type  : Slow 1100mV 0C Model Hold 'CLOCK_50'
Slack : 0.451
TNS   : 0.000

Type  : Slow 1100mV 0C Model Recovery 'FPGA_RESET_N'
Slack : -4.990
TNS   : -4.990

Type  : Slow 1100mV 0C Model Recovery 'KEY[1]'
Slack : -4.793
TNS   : -4.793

Type  : Slow 1100mV 0C Model Recovery 'SW[9]'
Slack : -4.558
TNS   : -4.558

Type  : Slow 1100mV 0C Model Removal 'KEY[1]'
Slack : 1.699
TNS   : 0.000

Type  : Slow 1100mV 0C Model Removal 'FPGA_RESET_N'
Slack : 1.785
TNS   : 0.000

Type  : Slow 1100mV 0C Model Removal 'SW[9]'
Slack : 1.870
TNS   : 0.000

Type  : Slow 1100mV 0C Model Minimum Pulse Width 'SW[9]'
Slack : -0.864
TNS   : -1.723

Type  : Slow 1100mV 0C Model Minimum Pulse Width 'CLOCK_50'
Slack : -0.538
TNS   : -597.181

Type  : Slow 1100mV 0C Model Minimum Pulse Width 'KEY[1]'
Slack : -0.538
TNS   : -0.884

Type  : Slow 1100mV 0C Model Minimum Pulse Width 'FPGA_RESET_N'
Slack : -0.538
TNS   : -0.831

Type  : Fast 1100mV 85C Model Setup 'CLOCK_50'
Slack : -5.402
TNS   : -2487.255

Type  : Fast 1100mV 85C Model Hold 'CLOCK_50'
Slack : 0.182
TNS   : 0.000

Type  : Fast 1100mV 85C Model Recovery 'SW[9]'
Slack : -1.848
TNS   : -1.848

Type  : Fast 1100mV 85C Model Recovery 'FPGA_RESET_N'
Slack : -1.716
TNS   : -1.716

Type  : Fast 1100mV 85C Model Recovery 'KEY[1]'
Slack : -1.663
TNS   : -1.663

Type  : Fast 1100mV 85C Model Removal 'KEY[1]'
Slack : 0.487
TNS   : 0.000

Type  : Fast 1100mV 85C Model Removal 'FPGA_RESET_N'
Slack : 0.610
TNS   : 0.000

Type  : Fast 1100mV 85C Model Removal 'SW[9]'
Slack : 0.728
TNS   : 0.000

Type  : Fast 1100mV 85C Model Minimum Pulse Width 'SW[9]'
Slack : -0.804
TNS   : -2.186

Type  : Fast 1100mV 85C Model Minimum Pulse Width 'KEY[1]'
Slack : -0.418
TNS   : -1.229

Type  : Fast 1100mV 85C Model Minimum Pulse Width 'FPGA_RESET_N'
Slack : -0.412
TNS   : -1.055

Type  : Fast 1100mV 85C Model Minimum Pulse Width 'CLOCK_50'
Slack : -0.407
TNS   : -341.737

Type  : Fast 1100mV 0C Model Setup 'CLOCK_50'
Slack : -4.758
TNS   : -2150.915

Type  : Fast 1100mV 0C Model Hold 'CLOCK_50'
Slack : 0.135
TNS   : 0.000

Type  : Fast 1100mV 0C Model Recovery 'SW[9]'
Slack : -1.650
TNS   : -1.650

Type  : Fast 1100mV 0C Model Recovery 'FPGA_RESET_N'
Slack : -1.544
TNS   : -1.544

Type  : Fast 1100mV 0C Model Recovery 'KEY[1]'
Slack : -1.450
TNS   : -1.450

Type  : Fast 1100mV 0C Model Removal 'KEY[1]'
Slack : 0.431
TNS   : 0.000

Type  : Fast 1100mV 0C Model Removal 'FPGA_RESET_N'
Slack : 0.551
TNS   : 0.000

Type  : Fast 1100mV 0C Model Removal 'SW[9]'
Slack : 0.729
TNS   : 0.000

Type  : Fast 1100mV 0C Model Minimum Pulse Width 'SW[9]'
Slack : -0.808
TNS   : -2.298

Type  : Fast 1100mV 0C Model Minimum Pulse Width 'KEY[1]'
Slack : -0.474
TNS   : -1.466

Type  : Fast 1100mV 0C Model Minimum Pulse Width 'FPGA_RESET_N'
Slack : -0.467
TNS   : -1.323

Type  : Fast 1100mV 0C Model Minimum Pulse Width 'CLOCK_50'
Slack : -0.446
TNS   : -410.240

------------------------------------------------------------
